// Jest Snapshot v1, https://goo.gl/fbAQLP

exports[`render <Text/> renders <Text/> correctly 1`] = `"data:image/png;base64,iVBORw0KGgoAAAANSUhEUgAAASwAAACWCAYAAABkW7XSAAAABmJLR0QA/wD/AP+gvaeTAAAAxUlEQVR4nO3BMQEAAADCoPVPbQhfoAAAAAAAAAAAAAAAAAAAAAAAAAAAAAAAAAAAAAAAAAAAAAAAAAAAAAAAAAAAAAAAAAAAAAAAAAAAAAAAAAAAAAAAAAAAAAAAAAAAAAAAAAAAAAAAAAAAAAAAAAAAAAAAAAAAAAAAAAAAAAAAAAAAAAAAAAAAAAAAAAAAAAAAAAAAAAAAAAAAAAAAAAAAAAAAAAAAAAAAAAAAAAAAAAAAAAAAAAAAAAAAAAAAAAAAAOA1v9QAATX68/0AAAAASUVORK5CYII="`;

exports[`render <Text/> renders <Text/> with coordinates correctly 1`] = `"data:image/png;base64,iVBORw0KGgoAAAANSUhEUgAAASwAAACWCAYAAABkW7XSAAAABmJLR0QA/wD/AP+gvaeTAAAFSUlEQVR4nO3aXahmVRkH8P8aR0MLKibCj4lQyAtD+rAoiuqiSMQgKgjsw1DEC+miUm8iQvqgD0SiiwKRUEvQIMqgqGiM6sJyICp0KvpQU9NJLUtL0xn/Xex96u14Zs57xnMcod8PNvtdaz97PXu9sBd7r70SAAAAAAAAAAAAAP4vjMVC2yOSvGXeTpir707yvSRfH2M8ul6Dbc9L8tAY49pNvtb18p6R5AVLhN4zxvjmVl8PsIXa7mx7YyePtd3T9ua2j8x1v2l76qpzTm/76bbPXKjb03bXYbj+b3U5P97EnE/oP7DF2h7T9pfzDf35tjsWjj2r7SVtH2+7t+3xC8c+OZ/zvIW6wzVgHdv2pIXtg/O1fXRV/fHrt7Z0zif0H9g62+f9RUlOTXLpGOPixYAxxkNJLmn7WJJPJPlYkvOWabztkUmOTfLAGOPBg8TtmHPdv05725M8d4xx7+pjY4x7VsWuxNw3xvjDk8kLPE20HW3vavvAwV5t2h7V9p62D7Y9su0NbR+enzD+2vazc9yetrvantP2/vn4vrZfbXv0qjbP6PTaueJXbd+5KuaGtte2fevc3o1L9us9c5sXrHHsoHnbnt/2L20/t+q8L7S9ve0bDtR/YAu1PXm+6b6xROw1c+xL2r6t7bfn8ofavnaO2TMPfne3vbDtO9peN8d9ZKGtM+aB7Ma2Z7V9+0J7712I2932d53m0q5v+4El+7XmgLVM3rbb2v6w7f62r5vr3tzptfiqubxm/4Et1PaN80132RKxn5pj3zSXDzSHtb/tKQt129r+ue0P5vIRbX8/xz5jIW5721+0vW2hbvec490b7NcTBqwN5j2x7d87fWx4fqcnq1vbPnshxhwWPIW2zduyVm7W9ZY33D7G2LNSGGM8nuSOJCuT+S9NclKSr4wx/rUQty/J15K8sO1xC+3dMca4ZgPXeSBL5x1j3JrkwiQnJ/lZkp1J3jfG+NsmXAdwCLYn2Tv/PmmJ+BPn/R/Xibtjjbr9SVaealZyfbjtRaviVmJ2ZFoDliR/WuLalrHRvFckOTfJq5NcMcb40SZdB3AItifZk+ShJK9oe8QYY/9agZ2+qL0+09PObeu0u2+d4533X0zy3QPErDXoPVkbzXtqkpfNv89su8MXRTh8ts2vQ9dmWtl+zkFiL0hyTJLLNyHvb+f942OM7y9umVbfvzzJPzYhzyHnbXtUkquT/DPT/3JcpoEOOJzantDp0/zDbc9uu23h2LZOSxQenSerj1449vF50nlxMemaC0fb3tT25vn3aHvLPBG/eO7Otvcunj9Puv/kEPq01qT7RvKufGA4dy5/aS6/62D9B54CbV/VaZ1VO61o39X2O53WaLXtz9vuXHXOyqDw67bvn+vWHbDm8is7LX/Y2/bKtl/utPbpvrYvWojbtAFr2bxtX9Np6cOutmOue07bO+fYEw7Uf2DrrKx0zxjjp21PTnJ+ktMzvSLuT3JTkuszfVlbPTd1XaZXpVPyvxPVa61qvzrJkQv5drc9LcnFSU5L8kiSK5NcNsa4c+G8q/LfuaeNuCXJZzJ94fuPJfO+OMmlSS4fY3Q+74G2ZyU5M9Or411Zu/8AAAAAAAAAAAAAAAAAAAAAAAAAAAAAAAAAAAAAAAAAAAAAAAAAAAAAAAAAAAAAAAAAAAAAAAAAAAAAAAAAAAAAAAAAAAAAAAAAAAAAAAAAAAAAAAAAAAAAAAAAAAAAAAAAAAAAAAAAAAAAAAAAAAAAAAAAAAAAAAAAAAAAAAAAAAAAAAAAAAAAAAAAAAAAAAAAAAAA8HTxbwtf/afD/uv0AAAAAElFTkSuQmCC"`;

exports[`render <Text/> renders <Text/> with defaults correctly 1`] = `"data:image/png;base64,iVBORw0KGgoAAAANSUhEUgAAASwAAACWCAYAAABkW7XSAAAABmJLR0QA/wD/AP+gvaeTAAAAxUlEQVR4nO3BMQEAAADCoPVPbQhfoAAAAAAAAAAAAAAAAAAAAAAAAAAAAAAAAAAAAAAAAAAAAAAAAAAAAAAAAAAAAAAAAAAAAAAAAAAAAAAAAAAAAAAAAAAAAAAAAAAAAAAAAAAAAAAAAAAAAAAAAAAAAAAAAAAAAAAAAAAAAAAAAAAAAAAAAAAAAAAAAAAAAAAAAAAAAAAAAAAAAAAAAAAAAAAAAAAAAAAAAAAAAAAAAAAAAAAAAAAAAAAAAAAAAAAAAOA1v9QAATX68/0AAAAASUVORK5CYII="`;

exports[`render <Text/> renders only <Text/> correctly 1`] = `"data:image/png;base64,iVBORw0KGgoAAAANSUhEUgAAASwAAACWCAYAAABkW7XSAAAABmJLR0QA/wD/AP+gvaeTAAAIB0lEQVR4nO3cf0zU9x3H8dcBPRRPlPmDQpBGOTXBWXU2btW6XBsnU2qNUbPNbFq3RDSZy7J1W7L+IcZ/1mzZPzNrstph7X5UpxW1qaU2FIxpWs1OwKAgVX4UFYSrwAHCeXD7g/W6EyrcieJ7eT4S/vh+7/P9fD/3zzNfvt9vzpGv/FDqglRlfDNDd+sL9MlX41Pjx40K9YUGff6wuVe5NWnGpGHHdTZ1qvp49UNYEf7f5SvfMdZrwJcSJMmd49aKV1Z85aAb3hs6/P3D+rzm84e2sKEs+ekSzV49e9hxDWcaRi1YWTlZmvnsTJXuKdWdrjujMieA2CT878bh7x3WlVNXJEmOOIcmTJug7I3Z8uz2aN2BdXr96dfHZJFfOP6T43os6bHw9ty1c5XzxxyV7CpRxd8qwvuDPcFRO+cT335Cy36zTB/94SOCBYyxiGAFOgPqudUT3r7tu63Te04r85lMzfrOLDknOhXwB2I6UVxCnMaljFN3S3fE/vFTxofPNZzOps6I7S/m6m7t1q2rt4Y8Jpr5ATzaEoYfInU1d8nhcChpapIC/oC2l21XW32b3lr7VsS4HRU7dLPypo784IgkaUvxFnXd7NKFf17Q2r+ule+yL3yV5l7l1srfr9S0edMkSa1VrSrZVaLKQ5Wj8sWGm3/xtsVa8bsVKj9Qrvd+/l74uNw/52p27mwd3XxUnl0eZTw9cG9vZ81OeV/z6tSvT43K+gBEL264AU6XU5nPZKq3o1ftDe2SpMRJiXK6nIPG3r3fOdGp9KfStfHgRjWcaVDlwYFYuFe5tenEJvX6e3Vk0xEdWn9IbbVt2nBwg5780ZP3/aVGMr93n1fNF5q1ZOcSZS7PlCRlrczS4u2LVVdSp/rSen3yp09U92GdJOn0ntOqOlZ132sDELuIK6zsDdmaPn96eDsxOVHzNs7T5JmTVfxycUxPClOyUvT2D9/Whb9fkCQ54h1avXe1fJd92u/Zr77ePklS9fFqbfv3Nj235zlVvFlxrynvaaTzh/pDKnyxUDvKd+iFfS+oYHmB1ry2Ru317Tr5s5OSpKqjVUp/Kl3uVW6VHyhXd2v3vU4N4AGLCNbCrQsHDehs6lTp7lKdeeVMTCfo+KwjHCtJenzh40qZlaLil4vDMZGk/mC/Lh25JM9uj1xpLnXe6BxqumFFM39bbZuKflmkNX9ZozxvnlxpLr3x7Bvqbe+N6dwAHqyvfEooScHbwaieuDkcg19Z8V/3R2ynzEqRJC3/7XItfWlpxGfxifGSpKQpSTEHK9r5vfu8WvTjRcr4Voa8+7yqP10f03kBPHj3fEoYLefEwfe1Bvnvf5XnXj2nK0VXhhzS/ll7zGuIdv7U+alKW5QmSZqTO0fjp4zniSLwiBr2pvtQQn0hOSdExik5I1njJo8b9lhfjW9gjv6Qrn5wNeJPDintG2n39b5TNPPHO+O17sA63em+o2Nbj8mV5tLzrz4f87kBPFgxBct/3a/pX58uV5prYIdD8uR7RnRsc0WzWi62aNHWRZqYPjG8PzkjWev/sV5ZOVnqD/bHsqyo5/fs9ih1Qaref+l9le0vU1lBmbI3Zmv+pvnh40L9A5ds8c74mNcEYHSM6D2su50vOK/M5ZnK8+ap8eNGTZ07VaFQSC0XW4Y/OCQVvliozac2K+98nj49+akc8Q7NyZ2jUH9I72x/J5YlRT3/jKUztOxXy1RbXKvzBeclSUW/KFLWyiyt3rtadaV18l/zy1c9cMW2pXiLzu49q7N7z97f+gDELN4jT35cQpy6mrtUW1w7ovs3TWVNarnYokRXohLGJejqqas6kXdCwZ6gmsub1VTWJElKSExQU3mTrp+7HnG8/7pflf+qVNLXkpS6IFVOl1M179aocEuh2uraRrx4R7xDvW29qvuwTh2NHVHN7/6ue+Bl0vyS8H27YE9Q185dU8AfUH+wX77LPrVcalHAH1CwN6gb3htqvdQ64vXBvhKV7B7rNeBLjnzlj/3PMACPKH6t4dES0z0sABgLBAuAGQQLgBkEC4AZBAuAGQQLgBkEC4AZBAuAGQQLgBkEC4AZBAuAGQQLgBkEC4AZBAuAGQQLgBkEC4AZBAuAGQQLgBkEC4AZBAuAGQQLgBkEC4AZBAuAGQQLgBkEC4AZBAuAGQQLgBkEC4AZBAuAGQQLgBkEC4AZBAuAGQQLgBkEC4AZBAuAGQQLgBkEC4AZBAuAGQQLgBkEC4AZBAuAGQQLgBkEC4AZBAuAGQQLgBkEC4AZBAuAGQQLgBkEC4AZBAuAGQQLgBkEC4AZBAuAGQQLgBkEC4AZBAuAGQQLgBkEC4AZBAuAGQQLgBkEC4AZBAuAGQQLgBkEC4AZBAuAGQQLgBkEC4AZBAuAGQQLgBkEC4AZBAuAGQQLgBkEC4AZBAuAGQQLgBkEC4AZBAuAGQQLgBkEC4AZBAuAGQQLgBkEC4AZBAuAGQQLgBkEC4AZBAuAGQQLgBkEC4AZBAuAGQQLgBkEC4AZBAuAGQQLgBkEC4AZBAuAGQQLgBkEC4AZBAuAGQQLgBkEC4AZBAuAGQQLgBkEC4AZBAuAGQQLgBkEC4AZBAuAGQQLgBkEC4AZBAuAGQQLgBkEC4AZBAuAGQQLgBkEC4AZBAuAGQQLgBkEC4AZBAuAGQQLgBkEC4AZBAuAGQQLgBkEC4AZBAuAGQQLgBkEC4AZBAuAGQQLgBkEC4AZBAuAGQQLgBkEC4AZBAuAGQQLgBn/ARzwmphK0XedAAAAAElFTkSuQmCC"`;

exports[`render <Text/> should render nothing with empty children 1`] = `"data:image/png;base64,iVBORw0KGgoAAAANSUhEUgAAASwAAACWCAYAAABkW7XSAAAABmJLR0QA/wD/AP+gvaeTAAAAxUlEQVR4nO3BMQEAAADCoPVPbQhfoAAAAAAAAAAAAAAAAAAAAAAAAAAAAAAAAAAAAAAAAAAAAAAAAAAAAAAAAAAAAAAAAAAAAAAAAAAAAAAAAAAAAAAAAAAAAAAAAAAAAAAAAAAAAAAAAAAAAAAAAAAAAAAAAAAAAAAAAAAAAAAAAAAAAAAAAAAAAAAAAAAAAAAAAAAAAAAAAAAAAAAAAAAAAAAAAAAAAAAAAAAAAAAAAAAAAAAAAAAAAAAAAAAAAAAAAOA1v9QAATX68/0AAAAASUVORK5CYII="`;
