// Jest Snapshot v1, https://goo.gl/fbAQLP

exports[`ListView renders correctly 1`] = `
<View>
  <Text
    id="render-row-0"
  >
    Jack
  </Text>
  <Text
    id="render-row-1"
  >
    Russel
  </Text>
</View>
`;
