// Jest Snapshot v1, https://goo.gl/fbAQLP

exports[`registerComponent registerComponent("ComponentName", Callable) should update when props change 1`] = `"data:image/png;base64,iVBORw0KGgoAAAANSUhEUgAAASwAAACWCAYAAABkW7XSAAAABmJLR0QA/wD/AP+gvaeTAAACSUlEQVR4nO3bv4oVZxjH8e+sBhIQIUTWW5CgIRjL3EHuQEidBEGjYBCbPVsIWvinSJpcQEiROoRAriBJm1tQ06RIoeC6k+LM2XXXjYvgnlP4+VTzzjwv/KqH4Zl36nXMWm+zr15rD8AbMrx0Z9aH1ffVJ429O1U9qf6sTlVnprqX9wIcoeN7Vhvdb+hK49SMdlvSe9WnywwGsN/aztVmD6qvp2b1qLWudLIPOtaZ6p9VBQRYmL9h3erjtro8vVH93KzPqvnMqn6q3l9RPoAd84b1rO+qoaGHbexpVr9VZ1eWDuAFixnW+aqGbu88mfV3dW75kQAOtphhzb8GbvfD6qIAvNrxw0v2udXpnvWoobGNF4b2AEds0XCeTquLh+7YnmrGaQ/Akiwa1h9VbXfz0B1b3Ziufj+aSAAHWzSsLxoaq9PN+uV/q2f92tB6Q2PvdGkpCQEmu2fZN7vX2NVp9bhj3elEP7bV8/7t84a+aWi9sVrrfhtdW0li4K2193/Aze61e9r9IGN1t1nXjzoYwH4H/fz8UfVtdaH5cYehetJ8zvVls/5aZkAAAAAAAAAAAAAAAAAAAAAAAAAAAAAAAAAAAAAAAAAAAAAAAAAAAAAAAAAAAAAAAAAAAAAAAAAAAAAAAAAAAAAAAAAAAAAAAAAAAAAAAAAAAAAAAAAAAAAAAAAAAAAAAAAAAAAAAAAAAAAAAAAAAAAAAAAAAAAAAAAAAAAAAAAAAAAAAAAAAAAAAAAAAAAAAAAAAAAAAAAAAAAAAAAAgBX5DwSNQ801188SAAAAAElFTkSuQmCC"`;

exports[`registerComponent registerComponent("ComponentName", Callable) should update when props change 2`] = `"data:image/png;base64,iVBORw0KGgoAAAANSUhEUgAAASwAAACWCAYAAABkW7XSAAAABmJLR0QA/wD/AP+gvaeTAAACfElEQVR4nO3bMYsdVRjH4d/sLrLB1oSF+AlEbGLnVxDttdBGUJEkCMZyZ4sgIlErSWFj4QewsBDFD6BiqZ1YaQQbi7BFdMdi7q675i4SZCfFPg/M5Zw754V/9TJzmFMPauyRxrYfuA7gfxru+2fsqeqj6kq13VQN7VffN7Tb1F71R3Wrsa+XDAucb1snZnt92NTVjjeyeXSheqapr46t/rk0LGA5G0ejuVlda25Rd9roWnVxdX12X+XQLwtlBKgOn7Bu9mT3ulrV0Oft9mxVYxvVzeq5NbUaFrCouWHd63Y1NHWn8ahZbVWfVC+srZz6dZmIALPDPawrVW32ztGdsT+rFxt7pc0uN7XTQZernerxtvpx6bDA+TZvqY9Nq/nFxn5/eHEATjc/Yc2fLtSjxzbhTzP2WEMfVz+125tnmg7gmI3V735Vd0/ZrzpZ8XJTzzf16pkmA/iXuWFNfbeav/2fFX/11mr0zdlEAljv8BXwjeYXw53Gvjh19diXDV1qaKpeXyAfwJF/vmjf7YOGrq9mv7XZu233aXc76KCXGrrR0KXV/fcau7F4WuBcO3mWcK/3q+tNa84Yzqunpm41Hr0WAixm3eHnJ6rbDT3dQRdWq/arb6vXGvth0YQAAAAAAAAAAAAAAAAAAAAAAAAAAAAAAAAAAAAAAAAAAAAAAAAAAAAAAAAAAAAAAAAAAAAAAAAAAAAAAAAAAAAAAAAAAAAAAAAAAAAAAAAAAAAAAAAAAAAAAAAAAAAAAAAAAAAAAAAAAAAAAAAAAAAAAAAAAAAAAAAAAAAAAAAAAAAAAAAAAAAAAAAAAAAAAAAAAAAAAAAAAAAAAAAAAA/H3/8nVaIB2iTpAAAAAElFTkSuQmCC"`;

exports[`registerComponent registerComponent("ComponentName", Callable) should update when props change 3`] = `"data:image/png;base64,iVBORw0KGgoAAAANSUhEUgAAASwAAACWCAYAAABkW7XSAAAABmJLR0QA/wD/AP+gvaeTAAAAxUlEQVR4nO3BMQEAAADCoPVPbQhfoAAAAAAAAAAAAAAAAAAAAAAAAAAAAAAAAAAAAAAAAAAAAAAAAAAAAAAAAAAAAAAAAAAAAAAAAAAAAAAAAAAAAAAAAAAAAAAAAAAAAAAAAAAAAAAAAAAAAAAAAAAAAAAAAAAAAAAAAAAAAAAAAAAAAAAAAAAAAAAAAAAAAAAAAAAAAAAAAAAAAAAAAAAAAAAAAAAAAAAAAAAAAAAAAAAAAAAAAAAAAAAAAAAAAAAAAOA1v9QAATX68/0AAAAASUVORK5CYII="`;
