// Jest Snapshot v1, https://goo.gl/fbAQLP

exports[`[Updates] State - Text Text Test "Text" multiples content change 1`] = `"data:image/png;base64,iVBORw0KGgoAAAANSUhEUgAAASwAAACWCAYAAABkW7XSAAAABmJLR0QA/wD/AP+gvaeTAAAJbElEQVR4nO3de6wcVR3A8e/23j4IUqWVNoivQIiCJaAImpCIGAoWAwQQai1VCDFCYlJsEA2KIiABFdCoIaC8QURAUiQ1FEVEHjUlIA8vIiDyDtBSAmJB2v7845z1njvduzu7d9ve6veTbPbu78yZ+c1k59wzZyZ7QJIkSZIkSZIkSZIkSZIkSZIkSZIkSZIkSZIkSZIkSZIkSZIkSZIkSZIkba4G+rSeI4AdgIf7tL6NYR4wA3h8UyciaeMaAm7f1El06XHgik2dhKT6Bvu0nlOA1/u0LkmqbRDYpkV8W2B6D+sbAN4BbNljPhOAmax/+ToTeGuHuu1y7raHNb3NukqjHT9JfXIL8AvgYGAlcFeOTwROy7HIr+eAk0kNSdNS4JfF52XARcDngGdzvbXAr6jXcC0DrgPmAs/n+qtIY2V7Ag/m2DpgCTC1qFs352qDNQm4Nm9vdhGfU2wvgIdyHqXRjp+kDWA58Cjpsm4xcHyOn0g6Sc8F9gb2Ba7OsblF/eoY1hDwQn6dCHwWuCHXO6VGPkPAi8DTwELgGOAJ4DVSg3AhMB+4IK/zjKJu3ZzLBmsy8Ou8/wcVy8wB1pAaoHnAoaQGMoAFxXKjHT9JG8By0kk4vxJfDPy+EptC6i2dXcRaNVjrgI8WsYnAihbra2Uob+NDRey4nOOlRaxBatRu6yHnZoM1hdQIrQYOKMoHgMdyLpOL+CBwH/CPIjba8ZPUR+Wg+1PAlZXyg4u/m2NRHyddWk3qsO6HSJd2TW+SGoDmONAMUg+odBPwSv7778A9RdkL+X1pEQtSj+ttPea8BamB2490+bqkKNsN2B74OvBGEV9Dulz9NmmM7Lkcb3X8JPVR2WA926J8a9IJOwfYkdRLarVcKytaxNYwPI70AUaOewHszHCDVd1O5PdVHbbbTc6HkHpWa4HDgcuLsu3z+0nACZV6zR7XdIYbrLrHRVKP2j3WMEjqzewCnA98g9RrepTUW+pkTYfyPzNycBvgyS7qt9JtzquAA0mD6AuBz5AGz2G4gTyP1PNr5akecpTUo3YN1izgw8CpwLeK+Iw+bXsV8Ns+raup25x/A9xJugv4aeCHOacVwCN5mXUt8pwNfBC4tR9JS6pnQo2yslEbII3dQBrwHm96zfkV0p29GcA5OXY/acD9aNI4WNM7gZ8D+9NbL1BSj9r1sO4H7iY9JvBeUo9oP9JzSo+SLqXuBi7ZoBl2Zyw5X0sadF8AXEXqfR0F3Azcmz8PAJ8i9bqO3VA7Iam15tPjk0m36pcXZetId8OmkC61tiSd6AtJl1AzSHfy7s317yE1BhSfy7t8zfgDjLx72Eqr+gPAq6SHNFcW8Sk5h2Vd5jwl7++DxbruJN0RnJDLngWuAaYBuwJvITVqn2fkYw2tjp8kSZIkSZIkSZIkSZIkSZIkSZKkzVPAETHyJ58llQL2Dzgzep8lR30SMBSb33yR0sYT8J2ACHj7ps7l/509LP1PC9giYPuArTosNz1GmaOvU4PVrm6/9HMbddZV97i1qT8hYGZU5l7MsbZzLwZs2+2+jjVfaZMKeHfAktzQRMCagOsj/axKudycgAeL5R6KYo6+gFsCVueyVQHfrVu3TW7XB6yIyuSkAdvk+Hld5PeegJfavN7XTb51j9so+7Us4LqAuQHPF8fsiIA9i22vy9uYWtSdGHBawMpi288FnBzFjzIGLI3id/PHkq80bgT8KeCxgEMC9gpYFPBqpB+1ay4zJ3/B7wqYF3Bo8eVfkJc5pIgtCtirbt02uR2dl/tCJX5cjs/uIr9pkcbXytdFeZkVkXuFdfOtc9za7NdQwIsBTwcsDDgm4ImA13JDdGHA/IAL8nbPKOqemGPnBuwdsG/A1Tk2t7KN24vPPecrjQsBM/IX/bRK/ISAOwIaAQP5iz4UxRx9AYMB90XxY3ZRuSTspu4o+W2VT+KbKvFbA56MdDnV0zYCJgX8MeDfAft0k2+d49Zhv4YC1kYx92LRCF9axBq5UbutiC2OytyLAVPy+s4uYv9tsMaarzQuBEzO/2VX5hNmZotlds9f9pNalH0zl22bP1cbrFp18wl1eOU1NS93RW5UpuXP2+WT8/Ru86uUXZjLji1idfOtc9za7dNQDE900Vz+sLz++ZX4fZF+/nk9uYF9V8CCXPdHRVnZYHXMV9osBMyONEbTHNt4IOCMgO1y+eE5/s9Yf9zntVw2Ky9bbbBq1Q3Yp9h+87VTXsd++fPR+fPxkcZ2duw2v2Kfv5zjP6nEu9nXTset3T4NBfyhsu1D8zIHVOIjGqyArQO+H/CXSA15BDzTrsGqk6803g0CNNJECzsF7EmaDeZA4GukMZRdYUxz9NWt+wyjz1P4u1x+GHAxaf7AOxrDPZSu8gv4JPC9vN6FPeZb57j1fe7FGMN8kZ3ybcDL3eYjbVQBuwR8NdKMyWX8i/m/8JyAXfPfZ7WoPzvSIPBg/lztYdWu2yHPswLeCNgt966OKcq6ye/9ke7GPRIt7o7VXVed49Zhf4YiNZhlrGMPK+9/xPDUZc1lmmNUo10SjilfaTyYQHoi/UzSVO2ldfn9BYo5+qKYoy+KOfoaw72FZr1J+b2buu1cltd5MfAvRk5zX2sb+WS9gTTAfFADXmqxnbr51jluG8J6cy9GvbkXN1W+Uv9Eugt1c6RB7GsCTg24LOD1gBsjnwABewS8HOmZoUsCLo80rrMi8lhSXu7I/B/7rwFf6qZujVzvzuu+rEVZx20EnJ7rvxGtn8M6uIt11Tpubfal1x7WYMDygDcDrgz4ccDfIt3tfCTSoxFHFdto9rDGlK80HjQbo6mkyUf3IPUqniF90c9uwOrmwgE7AF8BdgdeJ83Dd04Dni6WmUiaRXln4MZGmiewVt1OIk2K+gngqkaaB7Ba3nYbuSH4WJtNXNlI8ybW3ddax22UfVkEvNqAnxaxWcCRwMUNeLiIHw/QgB/kz9NIY1cfIc1avRj4GbA36Xm1pY30fNkiYHUjP1w7lnwlSZIkSZIkSZIkSZIkSZIkSZIkSZIkSZIkSZIkSZIkSZIkSZIkSZIkSZIkSZIkSZIkSZIkSZIkSZIkSZIkSZIkSZIkSZIkSZIkSZIkSZIkSZIkSZIkSZIkSZIkSZIkSZIkSZIkSZIkSZIkSZIkSZIkSZIkSZIkSZIkSZIkSZIkSZIkSZIkSZIkSZIkSZIkSZIkSZIkSZIkSZIkqa7/ACGvh2g/TiaPAAAAAElFTkSuQmCC"`;

exports[`[Updates] State - Text Text Test "Text" multiples content change 2`] = `"data:image/png;base64,iVBORw0KGgoAAAANSUhEUgAAASwAAACWCAYAAABkW7XSAAAABmJLR0QA/wD/AP+gvaeTAAASVElEQVR4nO3de3gV9Z3H8fckoYDgJREiigRW0BooqBQDa7dbtYCbqqxCjVpsgdYL+LgPNLVqXZSC6IrU225VrFYQgXKVUirPAnVXK11KhbUURG2rIoXIJVyUWwhJPvvHzDlMhiScSCh0n8/rec6TzO/6/c058zszc+acATMzMzMzMzMzMzMzMzMzMzMzMzMzMzMzMzMzMzMzMzMzMzMzMzMzMzMzMzMzMzMzMzMzMzMzSwiOtgFJPYF+QA2wKAiCt486qmNM0sXA5UAVMCcIgg3HOaQm97f4vJgdc5Le1SGrJP27pGcl/cvxjq0+L7zwwrZXX301FfOM4x3PsZB4Xv7neMdjdkKQ9JfYhrFVtbU/3vHVpaCgoHrw4MGpGBcc73iOhcTzsvp4x2PWFHLiC5LaAl0IDxVXBEFQHaU3BzoCB4CtQFsgC9gI7I41UZVo/3OSWgAdgD1R3fapukEQJMsfJqp/NlAWBMG+KK1Z1GYlsCkIAsXKZ0d9tACygX3Ax0EQVB6przr6TrXVDBDh4dVhcUfr7WxgM/BJVOeD1Ppr6jHG6sWfl+QYd9fzf614gyD4OJMYzU4Ikh6XtEdS9b59+/T+++/r008/laRPJI2QNEfSwdi7dU3s/+2S3ostV8V3r6qqqg5u3Lixcs+ePXXlb5f0I0knJ+L5iaQdknZUV1dv27x5s6qqqlL9TpM0pqysbOeuXbtS7VRL+oWkkyQ9FNVVWVmZysvLU2X2S5qp8DBpR6dOnRTbw6qM6nwa/b8zevxaUrkklZeXx9vakYpb0nWS0oEcPHhQW7emdzLnNLDO02OUtCzqNzWWaZLGROsn5QNJV8fqd9Xhz8v+qG6XqMzsWN6kKO06SX9WbW9LuvJYvb7MmpSkso8++kjFxcUi3ItQdna2rrnmGm3ffmibueCCCzRgwAAlde/eXTfccEN6uXfv3ho2bJhefPFFnXnmmQKUlZWla6+9VrGJK26tpNxUPD179jwwcOBAzZw5U/n5+QJ02mmnadasWVqxYoW6desmQEEQqLi4WJ988okUTmZvVVZWavTo0crLy0uPpV27dho3bpyqq6vTHSYmLB04cECDBg1Sfn6+lixZkk5ftGhRuj9A559/vmbNmpXK/oskXXbZZbr++uv185//XHl5eerTp08qf30D6zx+uJapg5IultRZ4ZtJfbZKapfoY7WkwXUXlxS+kfzTsXydmTUJSVVFRUU655xz9PLLL2vZsmV69NFH1bp1aw0aNCj9iu7UqZMuv/zyw17pBQUFuuqqq9LLhYWFatu2rdq2basJEyZo+vTpuvrqqwVozJgx9W0wz6TiOffccyvbtGmj9u3b64knntDzzz+vgoICnXTSScrLy9O3v/1tTZs2TbfccosA/eAHP0g3MmHCBAEaNWqUXnvtNS1dulQlJSUCNHPmzFpjSU1YFRUVuuqqq9S8eXMtWLAgXWbRokXKzs5Wnz59NGPGDM2bNy89qU+dOjVdrlevXurcubOaN2+uAQMG6PHHH09l7WtgnX+WCUuSpkialEG54Yk+/qBob7EBvz/mLzazo7VlyxYBGj16dOqFWyZp08SJE3XJJZeopqZGkmrqmbAOJCasPYWFhQqCQMuXL08Xqqys1Omnn65LL700lfSRpL2xdiokPS3psfPOO68qKytLq1atSmc+/fTTAvStb30r3WRNTY3at2+vL3/5y+lyAwYMiPexU9Le/fv3KysrS6WlpekNs2PHjjWDBw/W/v37VVxcrBYtWuiVV15J5VdVVVXpnHPOUWFhoSoqKlRTU1Mpaf/BgwfVo0cPdezYMd1nr169BGjatGnJdVMj6euSbk08vqrDJ6xnJE1PpL0r6XbV3pt6S9LK2PImSTdKeiBR9yeJPnYn8v8s6S5Jr8bSqhWeSzM7cVVUVNS0bt1aeXl5evrpp7V582ap9rkRSRnvYX1aWFiorl27ppbT53eKiorUvXt3SdKWLVs0e/bsWo/o0E6FhYXq0qVLvIvNc+fOrXNS6NGjR7rNpKqqKm3YsEFTp04VoDvuuCOVNaWgoKB64MCB6t+/f3KPaY0krVy5UoAefPDBw9odO3asAJWVlUkKJ6wOHTokix1UeKhbn/j63SIpkDQ0UeY2AIXnr1I+VHjJSEq16jZFtSesD1THcxpLOyjpZ5KO+ro8s2Mpq3nz5rtffvll8vPzuf3222nXrh3du3fPuffee9m0adMRG5BqfXiVA9CmTZvU8v50Rk4ONTU1ALz99tuUlJTUesT7Ouuss+Jt/iIIwu0oNzeXhuzcuZM777yTbt260bJlSwoKCrjnnnuSxbKDIAjmz5/PsmXLyM7OZs6c9Pnx9gAffPABAA899BB5eXm1HhMmTABg+/bt9cWbWg+bGwg1/uls6hPA5KeAu+qp+xqQ+vQxq4E+4nYDdV1vlhP7+791fRJpdiLJASr79evHO++8w+9+9zsWL17MwoULefjhh5k+fTqrV6/mtNNOq7eB3btrf2IO4eQUqamrzoUXXsjSpUtrpRUUFBwKKqfW1RbPShpG4hIMAIWzZQBQVVVF//79WbNmDbfddhvjx4+nsLCQLl260KxZs3i1vw+CIMjNzWXhwoXMnj2bJ598kpkzZ3LDDTfkAqQmyBEjRnDFFVfUOe4OHTrUmR7z1XrSRXj5RyqoI17aEXMKMInwco3GaAX8mfASj5PqKTNB0pwgCNY3sm2zv5qcNWvWtFm0aBG33norRUVFW4qKiubed999X3/22WfPGD58OMuXL6e4uJjs7Gz27t1bq/KGDRt27tq1K77bU0ntDaLOa59yc3PL+/btux34fCz5SaC8urr6hxzaIN8JgmDV5MmTPwTOTbYjqSYIgmyAtWvXsnLlSu6//37Gjh0L8B7QfOvWrZ0S1ToDFBcXc8kll9CtW7ctc+fOPWPkyJH07duXNm3acO65YVdZWVn07dsX4EPCybfz0qVLeeutt7j00kvrGtpBDk1EAE8AyavMNwGzCK+Daqy8xPJvgJ8CLYGnGqjXGRgXW/4+0Am4Gki9UwTAxcD6zxCX2V9F1t69e7nnnntSh0WnEG505VlZ4dFGfn4+EB72rF27lo8/Dq8zlMS4ceOSx2jJvYUz6um3FXBebPmPQRCMCoJgvKT4XtkegG3btr1bRxuqSR1jQvpws6oqHcKZ1dXVncaMGZOOty6nnnpq3mOPPXZw69atlJaWAtCjRw+6du3K5MmTKSsrA/g7oPPGjRv5xje+weLFi5N7gSnJ8S8IgmBO4tGUX5NpRfh9wX9LpPcG6t8thusJn+fkMf+2pgvNrOnl9O7du6pv3745I0aMYOnSpS0LCwtHrV+/ntmzZ3PllVfSs2dPAIYNG8Ybb7xBz5496dOnD++99x5BENC1a9d4ewcT7bcE9hJuWMn0uOQGV8vmzZvr+nLyMkm9Uws9evSgV69ePPLII6xfv57c3NxTlixZwhlnnEGXLl1YuHAhvXr1YujQocl2mpWUlPDiiy/y0ksvceONN1JcXMyUKVPo168fF110EcXFxVRXV/PKK6+QlZXFpEmT6gs1Pq4y4M2GxvUZ7CDc+zw1Wr4weiSdn1j+kPDK/zOj5V7RI+5YxGvWpHKCINg4b968To888ghvvvkm8+fPp3379owePZrvfe976fM5w4YNo3Xr1syZM4d9+/ZRUlLCyJEjmTFjBq1apeejLTfffHO7k08+Of5p00wg56abbhpSUVFRVwyPB0EwJbUwZMiQT/Pz80+PFg8AdO/e/aO7776bzp07x+tNHjx48OdbtWqVD5CTk/PJ4sWLTx0/fjwrVqxgx44dlJaWcvPNN/P666/rueeeC1J7YcOHD6djx461gnjqqaeYNGkSH374IQAXX3wxq1atYuLEiaxatYoWLVowdOhQSktLOfvsswEWAF8bMmRIs9Q6iqkAhgRBsDeZER9X4v8D9ZSJp28DHgCmcvgJ95o60lLKo3rzqH3Immm8ZieEQNI/ADcDFxG+4E8m/I7gGuB14BqgG/Ap8DHhu/uFQHNgOzCfQ+eqFhCeG/lu1M4a4K4gCNZLuivq53RgJ7ACmBwEwa/iAUm6HOgfLc4LguBNSS2Be4HLCA+7lgATgS8BqSu0/zOKrTQaSzPCQ8pfAf8KDAcGEk4AGwkPfwHeJtygIdwzeZ9wT7E6GncvoDXhOZ5y4LepuCV9Efhh1N/JwEeE55V+3NDPuTQwxu9Gce0inMgPSLo0PsYgCF6TVBSNM/W8/Bp4DrgxWic7CT9NTM3wC4IgWB7FOwLoCpzFoee5wXjNzMzMzMzMzMzMzMzMzMzMzMzMzMzMzJqGoEQw4HjHYXbCElwheFiHf+HZ/soE6wTLjnccZicswYMCCdocubQdS97Dsv/XBC0F5yj8Im9D5U5X+CXmuvIanLAaqttUmrKPTNrKdL01UD9LcIYSvyQapZ1aX72ozJmNHevRxmt2XAkKBIuiiUaCKsF8JX7hUlAsWBsr946gJJb/X4L9Ud5OwSOZ1m0gtvmCcoV3m46nt43Sn4mlHSm+joIdDTw+n2lbjVlv9Yzrt4J5gusFW2LrrERQFOu7JurjlFjdZoIHBNtjfX8suE+xn5gRLBHMbop4zU4YghWC9wXXCr4kKBXsFsyNlSmOXuDLBTcKBsZe/N+MylwbSytV+FMnGdVtILZhUblbEukjovR+jYgvT+H5tfjjhahMuaK9wkzjzWS9NTCudYJtgo2CkYLvCD4S7I0mop8KBgt+EvX7UKzuXVHa44KvCPoKZkVp1yf6WBZb/szxmp0QBPnRC/2BRPqdgt8IAkF29EJfp/B3sFJlcgSrFfsdcCUOCRtTt574To424sWJ9NcEGxQeTn2mPgSfE7whqFT4W1sZx5vJejvCuNYJqgU9Y2mpSfjFWFoQTWq/jqUtEPx3or0WUXuPJvpY1hTxmp0QBM2jd9nt0QZz2O+wC74YvdjvrSPv/ijvzGg5OWFlVDfaoK5LPE6Jyk2LJpW8aLl9tHGOb2x8ibyfRnnDGzvWDNdbQ2NaJ/hTovygqP3BifTVgj8k24/ysgUdBN+M6v5HLC8+YR0xXrO/CYJ+Cs/RpM5trBE8pOg+fdGGJsEeHX7eZ2+U94WobHLCyqiu4LJY/6lHYdRG/2h5WLQ8SuG5nXMbG19szN+N0p9KpDdmrEdabw2NaZ3CX3SN9z0wKvO1RHqtCUuQK/iR4G2FE7kEmxqasDKJ1+xElwMQwFKgUFAEXEF4+6d7CM+hXADpm3w+Q+LQLOYv9aRnWncT0fmomNTNJ16N8gcBk4EbgN8Eh/ZQGhWfwp8cnhi1O/IzxpvJevt9A2OCxt2TMBVcDuFPRHcHngVGA+8Q3ncweROQWo4Ub1D/zVvNTgyC7oK7BbmJ9Nuid+FiwQXR/xPqqN9P4UngnGg5uYeVcd0jxDlBcEBwYbR39Z1YXmPiO1/hp3F/Uh2fjmXaVibr7QjjWadwwoynHXEPKxq/BGMTZVLnqOo7JDyqeM1OBFmEV6Q/DFyXyEvd828r4cayjvATu/R92RXeDHQGcEVwaG8hVe9z0d/G1G3I1KjNyYR3MJ4dy8uoj2hj/QXhCeYBQXjbrKRM481kvR0LqcsW0pO8wuu3UhNYfSfPj1e8Zk1H4adQSxWexJ4jGCeYKqgQ/FLRBiC4WLBL4TVDUwQvKTyvU67YXZkFN0Xv2O8K7mhM3QxiXRm1PbWOvCP2IRgf1T+guq/D+udGtJXRemtgLJ91DytH8KbgoGC64MeCPyr8tPNPCi+NGBrrI7WHdVTxmp0IUpPRKcBdhLcqP4vwfNEy4NEA9qcKK7xt1PeBLxLey+5N4LEgvF1UqkwzYBThraR+GYT3wsuo7pEovDXW5cDPAlhdR36DfUQTwT820MX0ILztVaZjzWi91TOWUmB3EN6eK5X2BeAmYHIA78XSRwEE8ES0nEd47qo34W2+FgDPA18hvF5tSRBeX1YK7A+ii2uPJl4zMzMzMzMzMzMzMzMzMzMzMzMzMzMzMzMzMzMzMzMzMzMzMzMzMzMzMzMzMzMzMzMzMzMzMzMzMzMzMzMzMzMzMzMzMzMzMzMzMzMzMzMzMzMzMzMzMzMzMzMzMzMzMzMzMzMzMzMzMzMzMzMzMzMzMzMzMzMzMzMzMzMzMzMzMzMzMzMzMzMzMzMzMzMzMzMzMzMzMzMzMzMzMzMzMzMzMzMzMzMzMzMzMzMzMzMzMzMzMzMzMzMzMzMzMzMzMzMzMzMzMzMzMzMzMzMzs0z9H08JcnWDfQcxAAAAAElFTkSuQmCC"`;

exports[`[Updates] State - Text Text Test "Text" multiples content change 3`] = `"data:image/png;base64,iVBORw0KGgoAAAANSUhEUgAAASwAAACWCAYAAABkW7XSAAAABmJLR0QA/wD/AP+gvaeTAAAQBklEQVR4nO3deZRU5Z3G8e+lG0QUF7aoCM4gOrbB5UTFHDBuCIR4hnEJOO5i8LjEmTg4ikbUaNCDKyYmUdFAxkFEkBjRcAQSRmfQCMpRJALjMgI2CAgINnsvz/zxvkXdqq6urga0ceb5nFOnq977Lr/39r1v3fvWvVVgZmZmZmZmZmZmZmZmZmZmZmZmZmZmZmZmZmZmZmZmZmZmZmZmZmZmZmZmZmZmZmZmZmZmZmZ5koYWSDoKuBhoAbycJMlfGsj3HaAvUAdMS5Lk/a8i0N1F0knAZcDfAu8ATyZJsqx5o9o1hf4H37T/i9kukfSSpkyRnnpKkhYXybdYWfMk/VLSE5L+6euMt1SSlirXhOaOaVdJWqznnpNefFGS3tiRlvVGc8do9pWS9Cedc4707W9L0tIi+T5N7Rir8waDzl9nzKWQtCYvxhebO6ZdJelTVVRIvXtL0vwdaVnzmztGs92hPP1C0rHAGcAyck8XE0lHAtuA1cBBwMHAKmBjKl9NXv1tJfUA9gM+iWU7E04zK5Mkyc+fQ1Jr4PCY/+MkSTZLakk4nesArAAUY61MkqRGUllc3g2oBZYCy5Ik2d5IW2X5scW0rsChsY3lwObY/5VJknwWy3aMeTYA+wLbgQ+TJKltoE+HAiuSJNkc09oCJwKVwEdJkij2s0usaznQCjiM8D/4LEmS7ZL2imlb+dnPoHVrgKrYVFW2VeokHVwg3h19MPtGkDRa0rYd78UbNmTfl7NHWPWtWRMeueoKZy5oraQH486KpImStqaWVxcoU1MvPRvHOknzle5Lru2xfKH0bXl11UmqlLS5Xu7Nm6WPP5a+/FKSqtRwnyfHfo2Jsa2TNFu1tdu1cqVUU6PYbjhFXblSWr8+U+cEhfWTsVFSjVasyMS3NZYr1J9nY7tvFIj3U0kr8vK/L+ns5twGzUomaYPq6qSRI6X27SWQ9t9fevDBwgPWtGkhDcLjqKOk557LLl+yRDrwwIYfixcrz18lHShpsc45J8SwOu/McvXqkH7NNV9NHI3VJUlLl0oDBmTzlJWF9bN2rRqwJK7fT3XyydJ550kTJ0qdOoXyBxwQ2pgzJ9t2koQ20m8a27dLI0ZI7dpl2z7oIOnuu6Xa2my+vn2lQYOkMKBf18R4ayR9v5k3RbPGSZLuvz9s1GeeKY0dGwarDh2kfffNHbCmTQsb/ne/K02YIE2Zkt0pnn465Fm7Vho+PPcxZEjI07699PnnhXaYxyTdqbFjQ74xY3KX/uY3IX3GjN0fRyl1SVLPnlK3btLvfy/Nni099FBYP+ef39CAlTndC/NLHTpInTtLjzwSPsjo2lVq0yYMRFdeKY0fL111VWj31luztdx3X0i74Qbp1VelmTOlwYND2sSJ2XzZOSxJ2rgT8b7b3NuiWaNUVRV24N69M6cpWyXVaN688I6fGbBqasIOUFEhbU2duVVXS8ceKx12WOHdYNs26ZRTpJYtpVmzMqnrlXtqVytpvr78MuzE/frl1nHaaVKXLuGIovQ4tsV6G46jcF219epatSoMECNG5Mb1wANSr15SXcGzwjpJd0lap4oKqUULad48SZoqadOOQfiyyyTpC0lzVVcXBrXvfU/KnPYNHCidfnqmziWSVmjLllDfsGGS9GdJG3IGrPrxbisQ709j2fT/oHVzb49mRWnq1LBxT5hQf5fr2TM7YL39dsh3zz318911V1i2In96RLW68sqw7LHHsqmrVkmTJuU+MqdBF18cBpXMqUtlZdg5b7ttV+JQwThKrWvr1nB00q5dONpbubJ+/mJ9qqiQunfPXS/PPx/qHz9ekq6RdIWkMFAec4wUPs18IqeNmhpp2bJw5AfS9ddnl6UHrK1b6xqNN6hO/X1WUoPX5ZntETR6dNj458ypvzkPGpQdsCZNCvn22af+fFCbNmHZggW55R9+OKRfd11u+qxZ2bmVzGPhwrBs+vTweuzY8Hr06HCk98EHuyuO7OFQU+qaMSPMbWXi7dEjnLpVVjbep4oK6dRTc2OaMiXk+eMfJekCSZdLSg9YqyVdqHXrpBtvlI4+OgzkIB1ySPEBS/qo0Xjru6m5t0WzxpSzZUt4Vl1df+nmzdnnSXzzvfZa6N+/cG1dumSfv/IK3HQT9OkDv/hFbr7jj4eZM3PTunYNf/v0gc6dYcoUGDIEJk6E3r3hiCN2VxyZyyCaVlffvrBoEcydC9Onw0svwahR8MwzMH9+8T4BlO+4gkSEq8/LCje4w97U1DxOv36wYAFcfTWMHAkVFdC9O7RsWaxsFX37ikWLkgbjPeCA/DL3SZqcJMmSRuIyaz6aPDm8Az/6qBTmOt6TVKOamjAxnDnCevfdkO/mm+u/N8+YESaHq+MZxqJF4VOw7t0b+lRqo8LH/GlhLkYKbbRqJb3zTji6ClfbNzWOjY3GUWpd770njRolrcsL+fHHQ/lp0zIp+ZcZTJS0RhUV4QMN6SNJvSStLeEIK/QfpDvuyK01M0cVjrBmS/oi5wirtHhfUf2r/gc19/ZoVkwL+vcP77aPPgpVVa0IFysmjBkDy1K32B17LBx9NIwbBytWZNMrK+Gii8K7eHk5fPEFDBwYTkSmToV27Qq1Ww6k3+I/SJKkD/AlAJddBtu3hyOsNm1g8OCdiWOfRuMota5Nm+CWW2Dy5Ly11yL87dQpk5J/cerjwJbU63VJkpR+m0xdXfhbk7q+trYW7rwzPJcAjgH2zylXWrxVhAtS0z4vOTaz5iApzOWUlYVP4i6/XDr77DCv07t37mUNc+eGa7Q6dQr5LrkkzPe0b5+dY7rttvAu3qpV4euf/vCH+kcz0hUxluztJCecEOq59NL6uXdnHKXUVVcnnXVWmPz/4Q+l228Pce21V1hXhT8lXC5pH2UuawhHWHNjP0s5wqpSdfV6nXiiVF4uXXSR9OMfS0ccET7t7N49HAGPGxdaSx9h7UK8zboxmjWiHPicQYM60rEjPPJImC+pqIDXX4dPPgmPjJNOgnnz4IEHwt/WreGKK2DYMDj0UIBaevUqY/jwhlvs1i0/ZXSSJL+Lz7ftSL33Xpg1Cy68sH4djccBvXpRUhyl1JUkYU7t/vvhrbfghRfCPNuIEXDjjdm5sKytwOVJkmyStI2hQ6Ft23T/qjnyyBDf4Ydn0kMlQ4Zk6thAeflwpk8fz8iRMGcOrFsX4ho6FF57DZ58MnsUNnQo7L33Lsfb8Aoza36JpFOAW4HTgdaEHacWWAO8DxwS01cT7pM7DGiTyrchLnuTcL/gpYT7DGuBz4BXY7lTgU5k78l7ExiXJMmfMsFIOhO4CugOtATmAx8AewF9CPf6LQNeIQy2VwHtCTv8POBj4NyYlolvKbAOOBLYm3DaVhuXLwXmAgcCpxBOU2uAtcBswv2IxxHu4yOW20zYwT8Cqgn3Oh5AuAfxf4DXgV9lvs4l9qlfLD8lSZK3JA0Abon1zgNujOV/CfSI/bknSZKZkq4B/plw7+Rq4KUY813A38S8b8e+VMT19kl8/H1cF2Vx3ayM/T44/l8rgQXpeM3MzMzMzMzMzMzMzMzMzMzMzMzMzMzMvjqCwYKBzR2H2R5L0F8wSuAbaZuZYKHCLUZmVojgnvgtlx2aO5b/73yEZf+nCfYWdBO0bSRfe4WbagstKzpgFSu7u+zONkqpq9T1VqR8C8G3lPctpDFt/4bKxTwHN7WvuxqvWbMSdBVMS30feY3gBUG7vHwDBH9N5VskGJxaPkuwJS77QnB/qWWLxPaCYI2gY156x5j+WBPiO0ywrsjj75oSb6nrrYF+vSmYIrhAsCq1zgYLeqbarott7Jcq21Lwc8HaVNufCW5X+NaHTL4Zgkm7I16zPYZgjuBjwbmC3oJhgirB86k8A+IG/hfBhYLzUhv/pTHPuam0YYLepZYtEtuQmO+qvPRrY3rfJsTXTmF+Lf0YG/OsUTwqLDXeUtZbkX4tFHwuqBT8RPAjwVLBpjgQ/VZwsWBMbPfeVNmbY9powWmCswTPxbQL8tqYnXq90/Ga7REEneKG/vO89H8VvC5IBGVxQ1+o8N1UmTzlgvmCJam0nFPCppRtIL62cSeenpf+qmCZwunUTrUhaCX4L8F2wRlNibeU9dZIvxYKagXfSaVlBuF/S6UlcVD7z1Tai4L/yKuvdazvobw2Zu+OeM32CIK94rvs2rjDfKtAnhPixv7TAsvuiMsOjq/zB6ySysYdalDeY7+Yb3wcVNrF153jzjmyqfHlLfttXHZNU/ta4nor1qeFgg/z8p8f6784L32+4L38+uOyMkEXwaWx7KOpZekBq9F4zb4RBH0V5mgycxsLBPcqfMMncUeTYKPqz/tsist6xLz5A1ZJZQVnpNrPPCpiHf3i6yHx9Q0KcztHNDW+VJ//Jab/Oi+9KX1tbL0V69NCwWt5bZ8X8/wgLz1nwBIcKHhQ8L7CQC7B8mIDVinxmu3pygESmAlUCHoC/QlfrXsLYQ7lOEAx/2PknZqlfNpAeqlllxPno1IyP9vz57j8fGAc8I/A60n2CKVJ8Qm+DzwQ6/3JTsZbynp7t0ifIHwdc5Mo/M9mEH4t5wlgBLCI7Fc2N6ixeBNY39R4zL5WgmMEwxW+1zydfnV8Fx4gOC4+v69A+b4Kk8Dl8XX+EVbJZRuJ8z7BNsHx8ejqR6llTYnvKIVP4z5UgU/HSq2rlPXWSH8WKgyY6bRGj7Bi/6Xwne7pPJk5qoZOCXcpXrM9QQvCFemjgPwf0Yw/x8Jqws6ykPCJ3SGZDIJDgQlA/yR7tJApl/nhhqaULebpWOc4wg9BTEotK6mNuLNOJUwwD0zCj1PkKzXeUtbbVyFz2UL6p6TLyA5gDU2eN1e8ZruPwqdQMxUmsScL7hY8LdgqeFlxBxCcJFivcM3Q7wT/rjCvs0ZxLinmuyS+Yy8WXN+UsiXE+nas++kCyxptQzAylt+mwtdh/UMT6ippvRXpy84eYZUL3hJUC54R/ErwgcKnnR8qXBpxRaqNzBHWLsVrtifIDEb7ATcDJxGOKpYTNvSHktQvFyv8pNVNwAmEn7p6C3g4CT8XlcnTErgBOBp4OYEppZZtjMLPZZ0JPJuEnwDLX160jTgQnFqkiWeS8LNXpfa1pPXWQF+GAVUJPJlK6wFcAoxL4L9T6TcAJPBIfN2OMHd1MuHXsl8EngJOI1yvNiMJ15cNA7Yk8eLaXYnXzMzMzMzMzMzMzMzMzMzMzMzMzMzMzMzMzMzMzMzMzMzMzMzMzMzMzMzMzMzMzMzMzMzMzMzMzMzMzMzMzMzMzMzMzMzMzMzMzMzMzMzMzMzMzMzMzMzMzMzMzMzMzMzMzMzMzMzMzMzMzMzMzMzMzMzMzMzMzMzMzMzMzMzMzMzMzMzMzMzMzMzMzMzMzMzMzMzMzMzMzMzMzMzMzMzMzMzMzMzMzMzMzMzMzMzMzMzMzMzMzMzMzMzMzMzMzMzMzMzMzMzMzMzMzMzMzKxU/wvC2EYurv3lcgAAAABJRU5ErkJggg=="`;
